
> ekirmen@0.1.8 build
> vite build

node.exe : [33mThe 
CJS build of Vite's 
Node API is 
deprecated. See https
://vite.dev/guide/tro
ubleshooting.html#vit
e-cjs-node-api-deprec
ated for more 
details.[39m
En C:\Program Files\n
odejs\npm.ps1: 29 
Carácter: 3
+   & $NODE_EXE 
$NPM_CLI_JS $args
+   ~~~~~~~~~~~~~~~~~
~~~~~~~~~~~~
    + CategoryInfo   
           : NotSpe  
  cified: ([33mTh   
 e CJS bu...e det    
ails.[39m:Strin    
g) [], RemoteExc    
eption
    + FullyQualified 
   ErrorId : Native  
  CommandError
 
[36mvite v5.4.21 [32mbuilding for production...[36m[39m
[32mÔ£ô[39m 0 modules transformed.
[31mx[39m Build 
failed in 27ms
[31merror during 
build:
[31mCould not 
resolve entry module 
"index.html".[31m
    at 
getRollupError (file:
///C:/ekirmen/node_mo
dules/vite/node_modul
es/rollup/dist/es/sha
red/parseAst.js:401:4
1)
    at error (file://
/C:/ekirmen/node_modu
les/vite/node_modules
/rollup/dist/es/share
d/parseAst.js:397:42)
    at ModuleLoader.l
oadEntryModule (file:
///C:/ekirmen/node_mo
dules/vite/node_modul
es/rollup/dist/es/sha
red/node-entry.js:216
82:20)
    at async 
Promise.all (index 
0)[39m
